Warning messages:
1: package 'tibble' was built under R version 4.4.3 
2: package 'tidyr' was built under R version 4.4.3 
3: package 'readr' was built under R version 4.4.3 
4: package 'lubridate' was built under R version 4.4.3 

=== CPI-scope shares, 2024 (denominator excludes pensions/insurance/cash contributions) ===
                                    cat_label   fam single all_cu gap_pp
               Vehicle purchases (net outlay)  9.89   7.68   8.89   2.21
                                    Education  3.76   1.93   2.61   1.83
          Personal services (childcare proxy)  2.02   0.36   0.91   1.66
                                 Food at home 11.19   9.55  10.36   1.64
                          Food away from home  7.22   5.80   6.57   1.43
                          Fees and admissions  2.03   1.09   1.56   0.95
                     Gasoline and other fuels  4.84   4.07   4.40   0.77
                       Other vehicle expenses  7.37   6.77   7.00   0.61
                                Other lodging  2.10   1.63   2.24   0.47
 Pets, toys, hobbies, and playground equipmen  1.92   1.52   1.78   0.40
                     Apparel: women and girls  1.43   1.04   1.24   0.39
                        Apparel: men and boys  0.92   0.67   0.78   0.25
                    Apparel: children under 2  0.26   0.04   0.13   0.22
          Household furnishings and equipment  3.93   3.75   4.02   0.18
          Personal care products and services  1.68   1.55   1.63   0.14
                                     Footwear  0.87   0.75   0.77   0.12
                             Medical services  2.11   2.01   2.08   0.11
                             Health insurance  6.14   6.07   6.75   0.07
 Other entertainment supplies, equipment, ser  1.02   0.95   1.07   0.07
                        Housekeeping supplies  1.42   1.36   1.46   0.07
                                      Reading  0.22   0.18   0.21   0.04
                           Telephone services  2.46   2.45   2.43   0.01
              Water and other public services  1.36   1.36   1.38   0.00
                             Medical supplies  0.30   0.31   0.39  -0.01
                     Fuel oil and other fuels  0.18   0.21   0.21  -0.03
 Owned dwellings: maintenance, repairs, insur  4.42   4.48   4.87  -0.06
                                  Natural gas  0.80   0.86   0.82  -0.06
          Other apparel products and services  0.33   0.42   0.42  -0.09
                          Alcoholic beverages  0.89   1.00   1.07  -0.11
              Public and other transportation  1.68   1.82   1.88  -0.15
                                        Drugs  0.90   1.06   1.10  -0.16
                     Other household expenses  2.10   2.40   2.29  -0.31
                                  Electricity  2.89   3.29   3.05  -0.40
        Tobacco products and smoking supplies  0.39   0.84   0.59  -0.45
      Audio and visual equipment and services  1.31   1.79   1.61  -0.48
                                Miscellaneous  1.86   2.51   2.03  -0.64
                             Rented dwellings  5.77  16.47   9.42 -10.70

Figures written to /Users/mtkonczal/Documents/GitHub/family_inflation_index_investigation/output/figures
Tables written to /Users/mtkonczal/Documents/GitHub/family_inflation_index_investigation/output/tables
Vintage: 2026-09-23T09:41:35-0400
