Warning messages:
1: package 'tibble' was built under R version 4.4.3 
2: package 'tidyr' was built under R version 4.4.3 
3: package 'readr' was built under R version 4.4.3 
4: package 'lubridate' was built under R version 4.4.3 
# Robustness log
# built_at: 2026-09-23T10:23:48-0400

## 1. Rebuild of the NSA CPI-U category panel: 12589 rows, max |diff| vs 05 output 5.68e-14

## 2. Price inputs
  CPI-W: 354 published months to 2026-07-01; mapped items without a CPI-W series: none
  CPI-U SA: 54 of 62 mapped items have an SA series; the rest use NSA (not seasonal)

## 3. Family gaps under each price input (cumulative Dec 2019 to 2026-07)
   input      basket           pair  mean 12m gap  mean|12m gap|  sd monthly gap (ann.)  cumulative
   cpiu_nsa   pm_oer_all_in    fam     -0.153         0.263            0.61             29.42% vs  30.11%  gap -0.69 pp
   cpiu_nsa   pm_oer_all_in    par     +0.073         0.113            0.48             30.25% vs  29.32%  gap +0.92 pp
   cpiu_nsa   pm_ex_shelter    fam     -0.046         0.095            0.40             27.48% vs  27.89%  gap -0.41 pp
   cpiu_nsa   pm_ex_shelter    par     +0.014         0.146            0.70             28.44% vs  27.37%  gap +1.07 pp
   cpiu_nsa   ex_shelter       fam     -0.026         0.114            0.42             24.69% vs  24.69%  gap +0.00 pp
   cpiu_nsa   ex_shelter       par     +0.033         0.220            0.74             26.61% vs  24.46%  gap +2.14 pp
   cpiw_nsa   pm_oer_all_in    fam     -0.159         0.259            0.63             29.44% vs  30.24%  gap -0.80 pp
   cpiw_nsa   pm_oer_all_in    par     +0.078         0.115            0.48             30.34% vs  29.33%  gap +1.01 pp
   cpiw_nsa   pm_ex_shelter    fam     -0.051         0.097            0.42             27.45% vs  27.97%  gap -0.51 pp
   cpiw_nsa   pm_ex_shelter    par     +0.014         0.153            0.70             28.42% vs  27.34%  gap +1.08 pp
   cpiw_nsa   ex_shelter       fam     -0.033         0.119            0.44             24.94% vs  25.07%  gap -0.14 pp
   cpiw_nsa   ex_shelter       par     +0.028         0.228            0.75             26.81% vs  24.71%  gap +2.10 pp
   cpiu_sa    pm_oer_all_in    fam     -0.153         0.259            0.45             28.09% vs  28.96%  gap -0.87 pp
   cpiu_sa    pm_oer_all_in    par     +0.072         0.117            0.40             28.94% vs  27.99%  gap +0.95 pp
   cpiu_sa    pm_ex_shelter    fam     -0.044         0.089            0.30             25.90% vs  26.30%  gap -0.39 pp
   cpiu_sa    pm_ex_shelter    par     +0.017         0.136            0.53             26.79% vs  25.80%  gap +0.98 pp
   cpiu_sa    ex_shelter       fam     -0.037         0.108            0.33             23.17% vs  23.16%  gap +0.01 pp
   cpiu_sa    ex_shelter       par     +0.041         0.227            0.60             24.99% vs  22.95%  gap +2.03 pp

   Group definition robustness (04 alone; LB05 size cut) is reported in 06 and 07:
   t28_cumulative_gaps.csv pair 'mk', t30_dimension_verdicts.csv 'Four-person minus one-person'.

Validation log: /Users/mtkonczal/Documents/GitHub/family_inflation_index_investigation/output/tables/t00g_robustness.txt
